// Jest Snapshot v1, https://goo.gl/fbAQLP

exports[`default renderer: error handling should change exit on error per subtask: HUHzWgxW8O1FGgEisITyBb2eDKzmyhUO-exit 1`] = `[]`;

exports[`default renderer: error handling should change exit on error per subtask: HUHzWgxW8O1FGgEisITyBb2eDKzmyhUO-stderr 1`] = `[]`;

exports[`default renderer: error handling should change exit on error per subtask: HUHzWgxW8O1FGgEisITyBb2eDKzmyhUO-stdout 1`] = `
[
  "‚óº This task will execute and not quit on errors.
",
  "[2K[1A[2K[G‚óº This task will execute and not quit on errors.
‚óº This task will execute.
",
  "[2K[1A[2K[1A[2K[G‚ùØ This task will execute and not quit on errors.
‚óº This task will execute.
",
  "[2K[1A[2K[1A[2K[G‚ùØ This task will execute and not quit on errors.
  ‚óº This is a subtask.
‚óº This task will execute.
",
  "[2K[1A[2K[1A[2K[1A[2K[G‚ùØ This task will execute and not quit on errors.
  ‚óº This is a subtask.
  ‚óº This is an another subtask.
‚óº This task will execute.
",
  "[2K[1A[2K[1A[2K[1A[2K[1A[2K[G‚ùØ This task will execute and not quit on errors.
  ‚óº This is a subtask.
  ‚óº This is an another subtask.
  ‚óº This is yet an another subtask.
‚óº This task will execute.
",
  "[2K[1A[2K[1A[2K[1A[2K[1A[2K[1A[2K[G‚ùØ This task will execute and not quit on errors.
  ‚ùØ This is a subtask.
  ‚óº This is an another subtask.
  ‚óº This is yet an another subtask.
‚óº This task will execute.
",
  "[2K[1A[2K[1A[2K[1A[2K[1A[2K[1A[2K[G‚ùØ This task will execute and not quit on errors.
  ‚úñ This is a subtask.
  ‚óº This is an another subtask.
  ‚óº This is yet an another subtask.
‚óº This task will execute.
",
  "[2K[1A[2K[1A[2K[1A[2K[1A[2K[1A[2K[G‚ùØ This task will execute and not quit on errors.
  ‚úñ I have failed [0]
  ‚óº This is an another subtask.
  ‚óº This is yet an another subtask.
‚óº This task will execute.
",
  "[2K[1A[2K[1A[2K[1A[2K[1A[2K[1A[2K[G‚ùØ This task will execute and not quit on errors.
  ‚úñ I have failed [0]
  ‚ùØ This is an another subtask.
  ‚óº This is yet an another subtask.
‚óº This task will execute.
",
  "[2K[1A[2K[1A[2K[1A[2K[1A[2K[1A[2K[G‚ùØ This task will execute and not quit on errors.
  ‚úñ I have failed [0]
  ‚úñ This is an another subtask.
  ‚óº This is yet an another subtask.
‚óº This task will execute.
",
  "[2K[1A[2K[1A[2K[1A[2K[1A[2K[1A[2K[G‚ùØ This task will execute and not quit on errors.
  ‚úñ I have failed [0]
  ‚úñ I have failed [1]
  ‚óº This is yet an another subtask.
‚óº This task will execute.
",
  "[2K[1A[2K[1A[2K[1A[2K[1A[2K[1A[2K[G‚ùØ This task will execute and not quit on errors.
  ‚úñ I have failed [0]
  ‚úñ I have failed [1]
  ‚ùØ This is yet an another subtask.
‚óº This task will execute.
",
  "[2K[1A[2K[1A[2K[1A[2K[1A[2K[1A[2K[G‚ùØ This task will execute and not quit on errors.
  ‚úñ I have failed [0]
  ‚úñ I have failed [1]
  ‚ùØ I have succeeded.
‚óº This task will execute.
",
  "[2K[1A[2K[1A[2K[1A[2K[1A[2K[1A[2K[G‚ùØ This task will execute and not quit on errors.
  ‚úñ I have failed [0]
  ‚úñ I have failed [1]
  ‚úî I have succeeded.
‚óº This task will execute.
",
  "[2K[1A[2K[1A[2K[1A[2K[1A[2K[1A[2K[G‚ö† This task will execute and not quit on errors.
  ‚úñ I have failed [0]
  ‚úñ I have failed [1]
  ‚úî I have succeeded.
‚óº This task will execute.
",
  "[2K[1A[2K[1A[2K[1A[2K[1A[2K[1A[2K[G‚ö† This task will execute and not quit on errors.
  ‚úñ I have failed [0]
  ‚úñ I have failed [1]
  ‚úî I have succeeded.
‚ùØ This task will execute.
",
  "[2K[1A[2K[1A[2K[1A[2K[1A[2K[1A[2K[G‚ö† This task will execute and not quit on errors.
  ‚úñ I have failed [0]
  ‚úñ I have failed [1]
  ‚úî I have succeeded.
‚úñ This task will execute.
",
  "[2K[1A[2K[1A[2K[1A[2K[1A[2K[1A[2K[G‚ö† This task will execute and not quit on errors.
  ‚úñ I have failed [0]
  ‚úñ I have failed [1]
  ‚úî I have succeeded.
‚úñ I will exit on error since I am a direct child of parent task.
",
  "[2K[1A[2K[1A[2K[1A[2K[1A[2K[1A[2K[G",
  "‚ö† This task will execute and not quit on errors.
  ‚úñ I have failed [0]
  ‚úñ I have failed [1]
  ‚úî I have succeeded.
‚úñ I will exit on error since I am a direct child of parent task.
",
]
`;

exports[`default renderer: error handling should contain errors from failed tasks: H2KTg7q5F1kWMtrPFdOERVSZc3UT2IsM 1`] = `
[
  [ListrError: I have failed [0]],
  [ListrError: I have failed [1]],
  [ListrError: I will exit on error since I am a direct child of parent task.],
]
`;

exports[`default renderer: error handling should disable exitOnError from task level while: false: Y9ADBbD3GX6P6HIKGTdeHybvNK4OPw37-exit 1`] = `[]`;

exports[`default renderer: error handling should disable exitOnError from task level while: false: Y9ADBbD3GX6P6HIKGTdeHybvNK4OPw37-stderr 1`] = `[]`;

exports[`default renderer: error handling should disable exitOnError from task level while: false: Y9ADBbD3GX6P6HIKGTdeHybvNK4OPw37-stdout 1`] = `
[
  "‚óº This task will fail.
",
  "[2K[1A[2K[G‚óº This task will fail.
‚óº This task will maybe execute.
",
  "[2K[1A[2K[1A[2K[G‚ùØ This task will fail.
‚óº This task will maybe execute.
",
  "[2K[1A[2K[1A[2K[G‚úñ This task will fail.
‚óº This task will maybe execute.
",
  "[2K[1A[2K[1A[2K[G‚úñ This task failed after 2 seconds.
‚óº This task will maybe execute.
",
  "[2K[1A[2K[1A[2K[G‚úñ This task failed after 2 seconds.
‚óº I will change my title if this executes.
",
  "[2K[1A[2K[1A[2K[G‚úñ This task failed after 2 seconds.
‚úî I will change my title if this executes.
",
  "[2K[1A[2K[1A[2K[G",
  "‚úñ This task failed after 2 seconds.
‚úî I will change my title if this executes.
",
]
`;

exports[`default renderer: error handling should disable exitOnError from task level while: true: Y9ADBbD3GX6P6HIKGTdeHybvNK4OPw37-exit 1`] = `[]`;

exports[`default renderer: error handling should disable exitOnError from task level while: true: Y9ADBbD3GX6P6HIKGTdeHybvNK4OPw37-stderr 1`] = `[]`;

exports[`default renderer: error handling should disable exitOnError from task level while: true: Y9ADBbD3GX6P6HIKGTdeHybvNK4OPw37-stdout 1`] = `
[
  "‚óº This task will fail.
",
  "[2K[1A[2K[G‚óº This task will fail.
‚óº This task will maybe execute.
",
  "[2K[1A[2K[1A[2K[G‚ùØ This task will fail.
‚óº This task will maybe execute.
",
  "[2K[1A[2K[1A[2K[G‚úñ This task will fail.
‚óº This task will maybe execute.
",
  "[2K[1A[2K[1A[2K[G‚úñ This task failed after 2 seconds.
‚óº This task will maybe execute.
",
  "[2K[1A[2K[1A[2K[G",
  "‚úñ This task failed after 2 seconds.
‚óº This task will maybe execute.
",
]
`;

exports[`default renderer: error handling should not throw out an error when exitonerror is disabled: OgQG0pbo8qgn5ZD8TLdlzM3HnnnYoozl-exit 1`] = `[]`;

exports[`default renderer: error handling should not throw out an error when exitonerror is disabled: OgQG0pbo8qgn5ZD8TLdlzM3HnnnYoozl-stderr 1`] = `[]`;

exports[`default renderer: error handling should not throw out an error when exitonerror is disabled: OgQG0pbo8qgn5ZD8TLdlzM3HnnnYoozl-stdout 1`] = `
[
  "‚óº This task will fail.
",
  "[2K[1A[2K[G‚óº This task will fail.
‚óº This task will execute.
",
  "[2K[1A[2K[1A[2K[G‚ùØ This task will fail.
‚óº This task will execute.
",
  "[2K[1A[2K[1A[2K[G‚úñ This task will fail.
‚óº This task will execute.
",
  "[2K[1A[2K[1A[2K[G‚úñ This task failed after 2 seconds.
‚óº This task will execute.
",
  "[2K[1A[2K[1A[2K[G‚úñ This task failed after 2 seconds.
‚ùØ This task will execute.
",
  "[2K[1A[2K[1A[2K[G‚úñ This task failed after 2 seconds.
‚ùØ I will change my title if this executes.
",
  "[2K[1A[2K[1A[2K[G‚úñ This task failed after 2 seconds.
‚úî I will change my title if this executes.
",
  "[2K[1A[2K[1A[2K[G",
  "‚úñ This task failed after 2 seconds.
‚úî I will change my title if this executes.
",
]
`;

exports[`default renderer: error handling should show the default task title when failed with showErrorMessage of: lnjpjmnHOxRSKy9J6YCMtqSAsVkHC3mH-exit 1`] = `[]`;

exports[`default renderer: error handling should show the default task title when failed with showErrorMessage of: lnjpjmnHOxRSKy9J6YCMtqSAsVkHC3mH-stderr 1`] = `[]`;

exports[`default renderer: error handling should show the default task title when failed with showErrorMessage of: lnjpjmnHOxRSKy9J6YCMtqSAsVkHC3mH-stdout 1`] = `
[
  "‚óº This task will fail.
",
  "[2K[1A[2K[G‚óº This task will fail.
‚óº This task will never execute.
",
  "[2K[1A[2K[1A[2K[G‚ùØ This task will fail.
‚óº This task will never execute.
",
  "[2K[1A[2K[1A[2K[G‚úñ This task will fail.
‚óº This task will never execute.
",
  "[2K[1A[2K[1A[2K[G",
  "‚úñ This task will fail.
‚óº This task will never execute.
",
]
`;

exports[`default renderer: error handling should throw out an error in the data field with collapse errors false: 03IyrStkPGQBIcbYM0HQXoYQxDEVZu8H-exit 1`] = `[]`;

exports[`default renderer: error handling should throw out an error in the data field with collapse errors false: 03IyrStkPGQBIcbYM0HQXoYQxDEVZu8H-stderr 1`] = `[]`;

exports[`default renderer: error handling should throw out an error in the data field with collapse errors false: 03IyrStkPGQBIcbYM0HQXoYQxDEVZu8H-stdout 1`] = `
[
  "‚óº This task will fail.
",
  "[2K[1A[2K[G‚óº This task will fail.
‚óº This task will never execute.
",
  "[2K[1A[2K[1A[2K[G‚ùØ This task will fail.
‚óº This task will never execute.
",
  "[2K[1A[2K[1A[2K[G‚úñ This task will fail.
‚óº This task will never execute.
",
  "[2K[1A[2K[1A[2K[G‚úñ This task will fail.
  ‚Ä∫ This task failed after 2 seconds.
‚óº This task will never execute.
",
  "[2K[1A[2K[1A[2K[1A[2K[G",
  "‚úñ This task will fail.
  ‚Ä∫ This task failed after 2 seconds.
‚óº This task will never execute.
",
]
`;

exports[`default renderer: error handling should throw out an error: vxSr6uKuGeO4iX7r2j2Uo9SYlXRhz6nf-exit 1`] = `[]`;

exports[`default renderer: error handling should throw out an error: vxSr6uKuGeO4iX7r2j2Uo9SYlXRhz6nf-stderr 1`] = `[]`;

exports[`default renderer: error handling should throw out an error: vxSr6uKuGeO4iX7r2j2Uo9SYlXRhz6nf-stdout 1`] = `
[
  "‚óº This task will fail.
",
  "[2K[1A[2K[G‚óº This task will fail.
‚óº This task will never execute.
",
  "[2K[1A[2K[1A[2K[G‚ùØ This task will fail.
‚óº This task will never execute.
",
  "[2K[1A[2K[1A[2K[G‚úñ This task will fail.
‚óº This task will never execute.
",
  "[2K[1A[2K[1A[2K[G‚úñ This task failed after 2 seconds.
‚óº This task will never execute.
",
  "[2K[1A[2K[1A[2K[G",
  "‚úñ This task failed after 2 seconds.
‚óº This task will never execute.
",
]
`;
