// Jest Snapshot v1, https://goo.gl/fbAQLP

exports[`show subtasks should be able to change collapse settings: 8TNRrm8bI9ndz4jrhYC492luGNhtMTmZ-exit 1`] = `[]`;

exports[`show subtasks should be able to change collapse settings: 8TNRrm8bI9ndz4jrhYC492luGNhtMTmZ-stderr 1`] = `[]`;

exports[`show subtasks should be able to change collapse settings: 8TNRrm8bI9ndz4jrhYC492luGNhtMTmZ-stdout 1`] = `
[
  "‚óº This task will execute.
",
  "[2K[1A[2K[G‚óº This task will execute.
‚óº This task will execute.
",
  "[2K[1A[2K[1A[2K[G‚ùØ This task will execute.
‚óº This task will execute.
",
  "[2K[1A[2K[1A[2K[G‚ùØ This task will execute.
  ‚óº This is a subtask.
‚óº This task will execute.
",
  "[2K[1A[2K[1A[2K[1A[2K[G‚ùØ This task will execute.
  ‚óº This is a subtask.
  ‚óº This is an another subtask.
‚óº This task will execute.
",
  "[2K[1A[2K[1A[2K[1A[2K[1A[2K[G‚ùØ This task will execute.
  ‚ùØ This is a subtask.
  ‚óº This is an another subtask.
‚óº This task will execute.
",
  "[2K[1A[2K[1A[2K[1A[2K[1A[2K[G‚ùØ This task will execute.
  ‚úî This is a subtask.
  ‚óº This is an another subtask.
‚óº This task will execute.
",
  "[2K[1A[2K[1A[2K[1A[2K[1A[2K[G‚ùØ This task will execute.
  ‚úî This is a subtask.
  ‚ùØ This is an another subtask.
‚óº This task will execute.
",
  "[2K[1A[2K[1A[2K[1A[2K[1A[2K[G‚ùØ This task will execute.
  ‚úî This is a subtask.
  ‚úî This is an another subtask.
‚óº This task will execute.
",
  "[2K[1A[2K[1A[2K[1A[2K[1A[2K[G‚úî This task will execute.
‚óº This task will execute.
",
  "[2K[1A[2K[1A[2K[G‚úî This task will execute.
‚ùØ This task will execute.
",
  "[2K[1A[2K[1A[2K[G‚úî This task will execute.
‚ùØ This task will execute.
  ‚óº This is a subtask.
",
  "[2K[1A[2K[1A[2K[1A[2K[G‚úî This task will execute.
‚ùØ This task will execute.
  ‚óº This is a subtask.
  ‚óº This is an another subtask.
",
  "[2K[1A[2K[1A[2K[1A[2K[1A[2K[G‚úî This task will execute.
‚ùØ This task will execute.
  ‚ùØ This is a subtask.
  ‚óº This is an another subtask.
",
  "[2K[1A[2K[1A[2K[1A[2K[1A[2K[G‚úî This task will execute.
‚ùØ This task will execute.
  ‚úî This is a subtask.
  ‚óº This is an another subtask.
",
  "[2K[1A[2K[1A[2K[1A[2K[1A[2K[G‚úî This task will execute.
‚ùØ This task will execute.
  ‚úî This is a subtask.
  ‚ùØ This is an another subtask.
",
  "[2K[1A[2K[1A[2K[1A[2K[1A[2K[G‚úî This task will execute.
‚ùØ This task will execute.
  ‚úî This is a subtask.
  ‚úî This is an another subtask.
",
  "[2K[1A[2K[1A[2K[1A[2K[1A[2K[G‚úî This task will execute.
‚úî This task will execute.
  ‚úî This is a subtask.
  ‚úî This is an another subtask.
",
  "[2K[1A[2K[1A[2K[1A[2K[1A[2K[G",
  "‚úî This task will execute.
‚úî This task will execute.
  ‚úî This is a subtask.
  ‚úî This is an another subtask.
",
]
`;

exports[`show subtasks should be able to change concurrency setting in subtask, second subtask should finish first: 3ygUxrTkCDLDfDrXzF1ocWR6626jaL0k-exit 1`] = `[]`;

exports[`show subtasks should be able to change concurrency setting in subtask, second subtask should finish first: 3ygUxrTkCDLDfDrXzF1ocWR6626jaL0k-stderr 1`] = `[]`;

exports[`show subtasks should be able to change concurrency setting in subtask, second subtask should finish first: 3ygUxrTkCDLDfDrXzF1ocWR6626jaL0k-stdout 1`] = `
[
  "‚óº This task will execute.
",
  "[2K[1A[2K[G‚ùØ This task will execute.
",
  "[2K[1A[2K[G‚ùØ This task will execute.
  ‚óº This is a subtask.
",
  "[2K[1A[2K[1A[2K[G‚ùØ This task will execute.
  ‚óº This is a subtask.
  ‚óº This is an another subtask.
",
  "[2K[1A[2K[1A[2K[1A[2K[G‚ùØ This task will execute.
  ‚ùØ This is a subtask.
  ‚óº This is an another subtask.
",
  "[2K[1A[2K[1A[2K[1A[2K[G‚ùØ This task will execute.
  ‚ùØ This is a subtask.
  ‚ùØ This is an another subtask.
",
  "[2K[1A[2K[1A[2K[1A[2K[G‚ùØ This task will execute.
  ‚ùØ This is a subtask.
  ‚úî This is an another subtask.
",
  "[2K[1A[2K[1A[2K[1A[2K[G‚ùØ This task will execute.
  ‚úî This is a subtask.
  ‚úî This is an another subtask.
",
  "[2K[1A[2K[1A[2K[1A[2K[G‚úî This task will execute.
",
  "[2K[1A[2K[G",
  "‚úî This task will execute.
",
]
`;

exports[`show subtasks should be able to change exit on error: 12ttDlnth5pr1YuJEnfXm3I2CzRbcFlY-exit 1`] = `[]`;

exports[`show subtasks should be able to change exit on error: 12ttDlnth5pr1YuJEnfXm3I2CzRbcFlY-stderr 1`] = `[]`;

exports[`show subtasks should be able to change exit on error: 12ttDlnth5pr1YuJEnfXm3I2CzRbcFlY-stdout 1`] = `
[
  "‚óº This task will execute and not quit on errors.
",
  "[2K[1A[2K[G‚óº This task will execute and not quit on errors.
‚óº This task will execute.
",
  "[2K[1A[2K[1A[2K[G‚ùØ This task will execute and not quit on errors.
‚óº This task will execute.
",
  "[2K[1A[2K[1A[2K[G‚ùØ This task will execute and not quit on errors.
  ‚óº This is a subtask.
‚óº This task will execute.
",
  "[2K[1A[2K[1A[2K[1A[2K[G‚ùØ This task will execute and not quit on errors.
  ‚óº This is a subtask.
  ‚óº This is an another subtask.
‚óº This task will execute.
",
  "[2K[1A[2K[1A[2K[1A[2K[1A[2K[G‚ùØ This task will execute and not quit on errors.
  ‚óº This is a subtask.
  ‚óº This is an another subtask.
  ‚óº This is yet an another subtask.
‚óº This task will execute.
",
  "[2K[1A[2K[1A[2K[1A[2K[1A[2K[1A[2K[G‚ùØ This task will execute and not quit on errors.
  ‚ùØ This is a subtask.
  ‚óº This is an another subtask.
  ‚óº This is yet an another subtask.
‚óº This task will execute.
",
  "[2K[1A[2K[1A[2K[1A[2K[1A[2K[1A[2K[G‚ùØ This task will execute and not quit on errors.
  ‚úñ This is a subtask.
  ‚óº This is an another subtask.
  ‚óº This is yet an another subtask.
‚óº This task will execute.
",
  "[2K[1A[2K[1A[2K[1A[2K[1A[2K[1A[2K[G‚ùØ This task will execute and not quit on errors.
  ‚úñ I have failed [0]
  ‚óº This is an another subtask.
  ‚óº This is yet an another subtask.
‚óº This task will execute.
",
  "[2K[1A[2K[1A[2K[1A[2K[1A[2K[1A[2K[G‚ùØ This task will execute and not quit on errors.
  ‚úñ I have failed [0]
  ‚ùØ This is an another subtask.
  ‚óº This is yet an another subtask.
‚óº This task will execute.
",
  "[2K[1A[2K[1A[2K[1A[2K[1A[2K[1A[2K[G‚ùØ This task will execute and not quit on errors.
  ‚úñ I have failed [0]
  ‚úñ This is an another subtask.
  ‚óº This is yet an another subtask.
‚óº This task will execute.
",
  "[2K[1A[2K[1A[2K[1A[2K[1A[2K[1A[2K[G‚ùØ This task will execute and not quit on errors.
  ‚úñ I have failed [0]
  ‚úñ I have failed [1]
  ‚óº This is yet an another subtask.
‚óº This task will execute.
",
  "[2K[1A[2K[1A[2K[1A[2K[1A[2K[1A[2K[G‚ùØ This task will execute and not quit on errors.
  ‚úñ I have failed [0]
  ‚úñ I have failed [1]
  ‚ùØ This is yet an another subtask.
‚óº This task will execute.
",
  "[2K[1A[2K[1A[2K[1A[2K[1A[2K[1A[2K[G‚ùØ This task will execute and not quit on errors.
  ‚úñ I have failed [0]
  ‚úñ I have failed [1]
  ‚ùØ I have succeeded.
‚óº This task will execute.
",
  "[2K[1A[2K[1A[2K[1A[2K[1A[2K[1A[2K[G‚ùØ This task will execute and not quit on errors.
  ‚úñ I have failed [0]
  ‚úñ I have failed [1]
  ‚úî I have succeeded.
‚óº This task will execute.
",
  "[2K[1A[2K[1A[2K[1A[2K[1A[2K[1A[2K[G‚ö† This task will execute and not quit on errors.
  ‚úñ I have failed [0]
  ‚úñ I have failed [1]
  ‚úî I have succeeded.
‚óº This task will execute.
",
  "[2K[1A[2K[1A[2K[1A[2K[1A[2K[1A[2K[G‚ö† This task will execute and not quit on errors.
  ‚úñ I have failed [0]
  ‚úñ I have failed [1]
  ‚úî I have succeeded.
‚ùØ This task will execute.
",
  "[2K[1A[2K[1A[2K[1A[2K[1A[2K[1A[2K[G‚ö† This task will execute and not quit on errors.
  ‚úñ I have failed [0]
  ‚úñ I have failed [1]
  ‚úî I have succeeded.
‚úñ This task will execute.
",
  "[2K[1A[2K[1A[2K[1A[2K[1A[2K[1A[2K[G‚ö† This task will execute and not quit on errors.
  ‚úñ I have failed [0]
  ‚úñ I have failed [1]
  ‚úî I have succeeded.
‚úñ exit
",
  "[2K[1A[2K[1A[2K[1A[2K[1A[2K[1A[2K[G",
  "‚ö† This task will execute and not quit on errors.
  ‚úñ I have failed [0]
  ‚úñ I have failed [1]
  ‚úî I have succeeded.
‚úñ exit
",
]
`;

exports[`show subtasks should be able to render subtasks with no title with correct indentation: 9VMxFnaAKNjetcT1a9gLgN0dnasB7BRc-exit 1`] = `[]`;

exports[`show subtasks should be able to render subtasks with no title with correct indentation: 9VMxFnaAKNjetcT1a9gLgN0dnasB7BRc-stderr 1`] = `[]`;

exports[`show subtasks should be able to render subtasks with no title with correct indentation: 9VMxFnaAKNjetcT1a9gLgN0dnasB7BRc-stdout 1`] = `
[
  "‚óº This task will execute.
",
  "[2K[1A[2K[G‚óº This task will execute.
‚óº This task will execute a task without titles.
",
  "[2K[1A[2K[1A[2K[G‚ùØ This task will execute.
‚óº This task will execute a task without titles.
",
  "[2K[1A[2K[1A[2K[G‚ùØ This task will execute.
‚óº This task will execute a task without titles.

‚Ä∫ output
",
  "[2K[1A[2K[1A[2K[1A[2K[1A[2K[G‚ùØ This task will execute.
‚óº This task will execute a task without titles.

‚Ä∫ output
‚Ä∫ some more output
",
  "[2K[1A[2K[1A[2K[1A[2K[1A[2K[1A[2K[G‚ùØ This task will execute.
‚óº This task will execute a task without titles.

‚Ä∫ output
‚Ä∫ some more output
‚Ä∫ even more output
",
  "[2K[1A[2K[1A[2K[1A[2K[1A[2K[1A[2K[1A[2K[G‚úî This task will execute.
‚óº This task will execute a task without titles.

‚Ä∫ output
‚Ä∫ some more output
‚Ä∫ even more output
",
  "[2K[1A[2K[1A[2K[1A[2K[1A[2K[1A[2K[1A[2K[G‚úî This task will execute.
‚ùØ This task will execute a task without titles.

‚Ä∫ output
‚Ä∫ some more output
‚Ä∫ even more output
",
  "[2K[1A[2K[1A[2K[1A[2K[1A[2K[1A[2K[1A[2K[G‚úî This task will execute.
‚úî This task will execute a task without titles.

‚Ä∫ output
‚Ä∫ some more output
‚Ä∫ even more output
",
  "[2K[1A[2K[1A[2K[1A[2K[1A[2K[1A[2K[1A[2K[G",
  "‚úî This task will execute.
‚úî This task will execute a task without titles.

‚Ä∫ output
‚Ä∫ some more output
‚Ä∫ even more output
",
]
`;

exports[`show subtasks should create a set of subtasks: JQYWVb3x1scokQK2IzhwA4F0qxWbYzXR-exit 1`] = `[]`;

exports[`show subtasks should create a set of subtasks: JQYWVb3x1scokQK2IzhwA4F0qxWbYzXR-stderr 1`] = `[]`;

exports[`show subtasks should create a set of subtasks: JQYWVb3x1scokQK2IzhwA4F0qxWbYzXR-stdout 1`] = `
[
  "‚óº This task will execute.
",
  "[2K[1A[2K[G‚ùØ This task will execute.
",
  "[2K[1A[2K[G‚ùØ This task will execute.
  ‚óº This is a subtask.
",
  "[2K[1A[2K[1A[2K[G‚ùØ This task will execute.
  ‚óº This is a subtask.
  ‚óº This is a subtask.
",
  "[2K[1A[2K[1A[2K[1A[2K[G‚ùØ This task will execute.
  ‚ùØ This is a subtask.
  ‚óº This is a subtask.
",
  "[2K[1A[2K[1A[2K[1A[2K[G‚ùØ This task will execute.
  ‚úî This is a subtask.
  ‚óº This is a subtask.
",
  "[2K[1A[2K[1A[2K[1A[2K[G‚ùØ This task will execute.
  ‚úî This is a subtask.
  ‚ùØ This is a subtask.
",
  "[2K[1A[2K[1A[2K[1A[2K[G‚ùØ This task will execute.
  ‚úî This is a subtask.
  ‚úî This is a subtask.
",
  "[2K[1A[2K[1A[2K[1A[2K[G‚úî This task will execute.
",
  "[2K[1A[2K[G",
  "‚úî This task will execute.
",
]
`;

exports[`show subtasks should output the task error in parent task with collapseErrors: true and show subtasks: false: oGL7rWlMEOEDNqOOFgj2R9ilvahlLAuR-exit 1`] = `[]`;

exports[`show subtasks should output the task error in parent task with collapseErrors: true and show subtasks: false: oGL7rWlMEOEDNqOOFgj2R9ilvahlLAuR-stderr 1`] = `[]`;

exports[`show subtasks should output the task error in parent task with collapseErrors: true and show subtasks: false: oGL7rWlMEOEDNqOOFgj2R9ilvahlLAuR-stdout 1`] = `
[
  "‚óº This task will execute.
",
  "[2K[1A[2K[G‚ùØ This task will execute.
",
  "[2K[1A[2K[G",
  "‚ùØ This task will execute.
",
]
`;

exports[`show subtasks should output the task error in parent task with: collapseErrors: false showsubtasks: true: bcaTpU40igebiNC4Koho5ObSuJxhYPsJ-exit 1`] = `[]`;

exports[`show subtasks should output the task error in parent task with: collapseErrors: false showsubtasks: true: bcaTpU40igebiNC4Koho5ObSuJxhYPsJ-stderr 1`] = `[]`;

exports[`show subtasks should output the task error in parent task with: collapseErrors: false showsubtasks: true: bcaTpU40igebiNC4Koho5ObSuJxhYPsJ-stdout 1`] = `
[
  "‚óº This task will execute.
",
  "[2K[1A[2K[G‚ùØ This task will execute.
",
  "[2K[1A[2K[G‚ùØ This task will execute.
  ‚óº This is a subtask.
",
  "[2K[1A[2K[1A[2K[G‚ùØ This task will execute.
  ‚óº This is a subtask.
  ‚óº This is a subtask.
",
  "[2K[1A[2K[1A[2K[1A[2K[G‚ùØ This task will execute.
  ‚ùØ This is a subtask.
  ‚óº This is a subtask.
",
  "[2K[1A[2K[1A[2K[1A[2K[G‚ùØ This task will execute.
  ‚úñ This is a subtask.
  ‚óº This is a subtask.
",
  "[2K[1A[2K[1A[2K[1A[2K[G‚ùØ This task will execute.
  ‚úñ This is a subtask.
    ‚Ä∫ bye
  ‚óº This is a subtask.
",
  "[2K[1A[2K[1A[2K[1A[2K[1A[2K[G",
  "‚ùØ This task will execute.
  ‚úñ This is a subtask.
    ‚Ä∫ bye
  ‚óº This is a subtask.
",
]
`;

exports[`show subtasks should output the task error in parent task with: collapseErrors: true showsubtasks: true: bcaTpU40igebiNC4Koho5ObSuJxhYPsJ-exit 1`] = `[]`;

exports[`show subtasks should output the task error in parent task with: collapseErrors: true showsubtasks: true: bcaTpU40igebiNC4Koho5ObSuJxhYPsJ-stderr 1`] = `[]`;

exports[`show subtasks should output the task error in parent task with: collapseErrors: true showsubtasks: true: bcaTpU40igebiNC4Koho5ObSuJxhYPsJ-stdout 1`] = `
[
  "‚óº This task will execute.
",
  "[2K[1A[2K[G‚ùØ This task will execute.
",
  "[2K[1A[2K[G‚ùØ This task will execute.
  ‚óº This is a subtask.
",
  "[2K[1A[2K[1A[2K[G‚ùØ This task will execute.
  ‚óº This is a subtask.
  ‚óº This is a subtask.
",
  "[2K[1A[2K[1A[2K[1A[2K[G‚ùØ This task will execute.
  ‚ùØ This is a subtask.
  ‚óº This is a subtask.
",
  "[2K[1A[2K[1A[2K[1A[2K[G‚ùØ This task will execute.
  ‚úñ This is a subtask.
  ‚óº This is a subtask.
",
  "[2K[1A[2K[1A[2K[1A[2K[G‚ùØ This task will execute.
  ‚úñ bye
  ‚óº This is a subtask.
",
  "[2K[1A[2K[1A[2K[1A[2K[G",
  "‚ùØ This task will execute.
  ‚úñ bye
  ‚óº This is a subtask.
",
]
`;
