// Jest Snapshot v1, https://goo.gl/fbAQLP

exports[`default renderer: parent task access should be able to change the title of parent from subtask: nvFwliir81dQSzoa7xPXaq0E1lauH674-exit 1`] = `[]`;

exports[`default renderer: parent task access should be able to change the title of parent from subtask: nvFwliir81dQSzoa7xPXaq0E1lauH674-stderr 1`] = `[]`;

exports[`default renderer: parent task access should be able to change the title of parent from subtask: nvFwliir81dQSzoa7xPXaq0E1lauH674-stdout 1`] = `
[
  "[?25l",
  "‚óº This task will execute.
",
  "[2K[1A[2K[G‚ùØ This task will execute.
",
  "[2K[1A[2K[G‚ùØ This task will execute.
  ‚óº This is a subtask.
",
  "[2K[1A[2K[1A[2K[G‚ùØ This task will execute.
  ‚óº This is a subtask.
  ‚óº This is a subtask.
",
  "[2K[1A[2K[1A[2K[1A[2K[G‚ùØ This task will execute.
  ‚ùØ This is a subtask.
  ‚óº This is a subtask.
",
  "[2K[1A[2K[1A[2K[1A[2K[G‚ùØ Title changed from subtask.
  ‚ùØ This is a subtask.
  ‚óº This is a subtask.
",
  "[2K[1A[2K[1A[2K[1A[2K[G‚ùØ Title changed from subtask.
  ‚úî This is a subtask.
  ‚óº This is a subtask.
",
  "[2K[1A[2K[1A[2K[1A[2K[G‚ùØ Title changed from subtask.
  ‚úî This is a subtask.
  ‚ùØ This is a subtask.
",
  "[2K[1A[2K[1A[2K[1A[2K[G‚ùØ Title changed from subtask.
  ‚úî This is a subtask.
  ‚úî This is a subtask.
",
  "[2K[1A[2K[1A[2K[1A[2K[G‚úî Title changed from subtask.
",
  "[2K[1A[2K[G",
  "‚úî Title changed from subtask.
",
  "[?25h",
]
`;

exports[`simple renderer: parent task access should be able to change the title of parent from subtask: nvFwliir81dQSzoa7xPXaq0E1lauH674-exit 1`] = `[]`;

exports[`simple renderer: parent task access should be able to change the title of parent from subtask: nvFwliir81dQSzoa7xPXaq0E1lauH674-stderr 1`] = `[]`;

exports[`simple renderer: parent task access should be able to change the title of parent from subtask: nvFwliir81dQSzoa7xPXaq0E1lauH674-stdout 1`] = `
[
  "‚ùØ This task will execute.
",
  "‚ùØ This is a subtask.
",
  "‚úî This is a subtask.
",
  "‚ùØ This is a subtask.
",
  "‚úî This is a subtask.
",
  "‚úî Title changed from subtask.
",
  "[?25h",
]
`;

exports[`test renderer: parent task access should be able to change the title of parent from subtask: nvFwliir81dQSzoa7xPXaq0E1lauH674-exit 1`] = `[]`;

exports[`test renderer: parent task access should be able to change the title of parent from subtask: nvFwliir81dQSzoa7xPXaq0E1lauH674-stderr 1`] = `[]`;

exports[`test renderer: parent task access should be able to change the title of parent from subtask: nvFwliir81dQSzoa7xPXaq0E1lauH674-stdout 1`] = `
[
  "{"event":"STATE","data":"STARTED","task":{"title":"This task will execute.","hasFinalized":false}}
",
  "{"event":"STATE","data":"STARTED","task":{"title":"This is a subtask.","hasFinalized":false}}
",
  "{"event":"TITLE","data":"Title changed from subtask.","task":{"title":"Title changed from subtask.","hasFinalized":false}}
",
  "{"event":"STATE","data":"COMPLETED","task":{"title":"This is a subtask.","hasFinalized":true}}
",
  "{"event":"STATE","data":"STARTED","task":{"title":"This is a subtask.","hasFinalized":false}}
",
  "{"event":"STATE","data":"COMPLETED","task":{"title":"This is a subtask.","hasFinalized":true}}
",
  "{"event":"STATE","data":"COMPLETED","task":{"title":"Title changed from subtask.","hasFinalized":true}}
",
]
`;

exports[`verbose renderer: parent task access should be able to change the title of parent from subtask: nvFwliir81dQSzoa7xPXaq0E1lauH674-exit 1`] = `[]`;

exports[`verbose renderer: parent task access should be able to change the title of parent from subtask: nvFwliir81dQSzoa7xPXaq0E1lauH674-stderr 1`] = `[]`;

exports[`verbose renderer: parent task access should be able to change the title of parent from subtask: nvFwliir81dQSzoa7xPXaq0E1lauH674-stdout 1`] = `
[
  "[STARTED] This task will execute.
",
  "[STARTED] This is a subtask.
",
  "[TITLE] Title changed from subtask.
",
  "[COMPLETED] This is a subtask.
",
  "[STARTED] This is a subtask.
",
  "[COMPLETED] This is a subtask.
",
  "[COMPLETED] Title changed from subtask.
",
]
`;
