// Jest Snapshot v1, https://goo.gl/fbAQLP

exports[`default renderer: retry should retry the main task if any of the subtasks fail: R34CKurUXSpq65S8ebD6jpUrwmIiYrKa-exit 1`] = `[]`;

exports[`default renderer: retry should retry the main task if any of the subtasks fail: R34CKurUXSpq65S8ebD6jpUrwmIiYrKa-stderr 1`] = `[]`;

exports[`default renderer: retry should retry the main task if any of the subtasks fail: R34CKurUXSpq65S8ebD6jpUrwmIiYrKa-stdout 1`] = `
[
  "[?25l",
  "‚óº Some type errors
",
  "[2K[1A[2K[G‚ùØ Some type errors
",
  "[2K[1A[2K[G‚ùØ Some type errors
  ‚Ä∫ test
",
  "[2K[1A[2K[1A[2K[G‚ùØ Some type errors
",
  "[2K[1A[2K[G‚ö† Some type errors [RETRY:1]
",
  "[2K[1A[2K[G‚ö† Some type errors [RETRY:1]
  ‚Ä∫ test
",
  "[2K[1A[2K[1A[2K[G‚ö† Some type errors [RETRY:1]
  ‚Ä∫ I am self aware that I am retrying for the 1th time.
",
  "[2K[1A[2K[1A[2K[G‚ö† Some type errors [RETRY:2]
  ‚Ä∫ I am self aware that I am retrying for the 1th time.
",
  "[2K[1A[2K[1A[2K[G‚ö† Some type errors [RETRY:2]
",
  "[2K[1A[2K[G‚ö† Some type errors [RETRY:2]
  ‚Ä∫ test
",
  "[2K[1A[2K[1A[2K[G‚ö† Some type errors [RETRY:2]
  ‚Ä∫ I am self aware that I am retrying for the 2th time.
",
  "[2K[1A[2K[1A[2K[G‚ö† Some type errors [RETRY:3]
  ‚Ä∫ I am self aware that I am retrying for the 2th time.
",
  "[2K[1A[2K[1A[2K[G‚ö† Some type errors [RETRY:3]
",
  "[2K[1A[2K[G‚ö† Some type errors [RETRY:3]
  ‚Ä∫ test
",
  "[2K[1A[2K[1A[2K[G‚ö† Some type errors [RETRY:3]
  ‚Ä∫ I am self aware that I am retrying for the 3th time.
",
  "[2K[1A[2K[1A[2K[G‚úñ This type can not be assigned to type with, oh noes
",
  "[2K[1A[2K[G",
  "‚úñ This type can not be assigned to type with, oh noes
",
  "[?25h",
]
`;

exports[`default renderer: retry should stop retrying if the task succeeds afterwards: oZPNYsORzcG758b1BLdR91GcErmLlQsw-exit 1`] = `[]`;

exports[`default renderer: retry should stop retrying if the task succeeds afterwards: oZPNYsORzcG758b1BLdR91GcErmLlQsw-stderr 1`] = `[]`;

exports[`default renderer: retry should stop retrying if the task succeeds afterwards: oZPNYsORzcG758b1BLdR91GcErmLlQsw-stdout 1`] = `
[
  "[?25l",
  "‚óº Some type errors
",
  "[2K[1A[2K[G‚ùØ Some type errors
",
  "[2K[1A[2K[G‚ö† Some type errors [RETRY:1]
",
  "[2K[1A[2K[G‚ö† Some type errors [RETRY:2]
",
  "[2K[1A[2K[G‚ö† Some type errors [RETRY:3]
",
  "[2K[1A[2K[G‚ö† Successed at 3th try. [RETRY:3]
",
  "[2K[1A[2K[G‚úî Successed at 3th try.
",
  "[2K[1A[2K[G",
  "‚úî Successed at 3th try.
",
  "[?25h",
]
`;

exports[`simple renderer: retry should retry the main task if any of the subtasks fail: R34CKurUXSpq65S8ebD6jpUrwmIiYrKa-exit 1`] = `[]`;

exports[`simple renderer: retry should retry the main task if any of the subtasks fail: R34CKurUXSpq65S8ebD6jpUrwmIiYrKa-stderr 1`] = `
[
  "‚ö† Some type errors [RETRY:1]
",
  "‚úñ Some type errors [FAILED: This type can not be assigned to type with, oh noes]
",
  "‚ö† Some type errors [RETRY:2]
",
  "‚úñ Some type errors [FAILED: This type can not be assigned to type with, oh noes]
",
  "‚ö† Some type errors [RETRY:3]
",
  "‚úñ Some type errors [FAILED: This type can not be assigned to type with, oh noes]
",
  "‚úñ Some type errors [FAILED: This type can not be assigned to type with, oh noes]
",
]
`;

exports[`simple renderer: retry should retry the main task if any of the subtasks fail: R34CKurUXSpq65S8ebD6jpUrwmIiYrKa-stdout 1`] = `
[
  "‚ùØ Some type errors
",
  "‚Ä∫ test
",
  "‚Ä∫ test
",
  "‚Ä∫ I am self aware that I am retrying for the 1th time.
",
  "‚Ä∫ test
",
  "‚Ä∫ I am self aware that I am retrying for the 2th time.
",
  "‚Ä∫ test
",
  "‚Ä∫ I am self aware that I am retrying for the 3th time.
",
]
`;

exports[`simple renderer: retry should stop retrying if the task succeeds afterwards: oZPNYsORzcG758b1BLdR91GcErmLlQsw-exit 1`] = `[]`;

exports[`simple renderer: retry should stop retrying if the task succeeds afterwards: oZPNYsORzcG758b1BLdR91GcErmLlQsw-stderr 1`] = `
[
  "‚ö† Some type errors [RETRY:1]
",
  "‚úñ Some type errors [FAILED: not enough]
",
  "‚ö† Some type errors [RETRY:2]
",
  "‚úñ Some type errors [FAILED: not enough]
",
  "‚ö† Some type errors [RETRY:3]
",
  "‚úñ Some type errors [FAILED: not enough]
",
]
`;

exports[`simple renderer: retry should stop retrying if the task succeeds afterwards: oZPNYsORzcG758b1BLdR91GcErmLlQsw-stdout 1`] = `
[
  "‚ùØ Some type errors
",
  "‚úî Successed at 3th try.
",
]
`;

exports[`test renderer: retry should retry the main task if any of the subtasks fail: R34CKurUXSpq65S8ebD6jpUrwmIiYrKa-exit 1`] = `[]`;

exports[`test renderer: retry should retry the main task if any of the subtasks fail: R34CKurUXSpq65S8ebD6jpUrwmIiYrKa-stderr 1`] = `
[
  "{"event":"MESSAGE","data":{"retry":{"count":1,"withError":{}}},"task":{"title":"Some type errors","hasFinalized":false}}
",
  "{"event":"MESSAGE","data":{"error":"This type can not be assigned to type with, oh noes"},"task":{"title":"Some type errors","hasFinalized":false}}
",
  "{"event":"MESSAGE","data":{"retry":{"count":2,"withError":{}}},"task":{"title":"Some type errors","hasFinalized":false}}
",
  "{"event":"MESSAGE","data":{"error":"This type can not be assigned to type with, oh noes"},"task":{"title":"Some type errors","hasFinalized":false}}
",
  "{"event":"MESSAGE","data":{"retry":{"count":3,"withError":{}}},"task":{"title":"Some type errors","hasFinalized":false}}
",
  "{"event":"MESSAGE","data":{"error":"This type can not be assigned to type with, oh noes"},"task":{"title":"Some type errors","hasFinalized":false}}
",
  "{"event":"MESSAGE","data":{"error":"This type can not be assigned to type with, oh noes"},"task":{"title":"Some type errors","hasFinalized":true}}
",
]
`;

exports[`test renderer: retry should retry the main task if any of the subtasks fail: R34CKurUXSpq65S8ebD6jpUrwmIiYrKa-stdout 1`] = `
[
  "{"event":"STATE","data":"STARTED","task":{"title":"Some type errors","hasFinalized":false}}
",
  "{"event":"OUTPUT","data":"test","task":{"title":"Some type errors","hasFinalized":false}}
",
  "{"event":"TITLE","data":"Some type errors","task":{"title":"Some type errors","hasFinalized":false}}
",
  "{"event":"STATE","data":"RETRY","task":{"title":"Some type errors","hasFinalized":false}}
",
  "{"event":"OUTPUT","data":"test","task":{"title":"Some type errors","hasFinalized":false}}
",
  "{"event":"OUTPUT","data":"I am self aware that I am retrying for the 1th time.","task":{"title":"Some type errors","hasFinalized":false}}
",
  "{"event":"TITLE","data":"Some type errors","task":{"title":"Some type errors","hasFinalized":false}}
",
  "{"event":"STATE","data":"RETRY","task":{"title":"Some type errors","hasFinalized":false}}
",
  "{"event":"OUTPUT","data":"test","task":{"title":"Some type errors","hasFinalized":false}}
",
  "{"event":"OUTPUT","data":"I am self aware that I am retrying for the 2th time.","task":{"title":"Some type errors","hasFinalized":false}}
",
  "{"event":"TITLE","data":"Some type errors","task":{"title":"Some type errors","hasFinalized":false}}
",
  "{"event":"STATE","data":"RETRY","task":{"title":"Some type errors","hasFinalized":false}}
",
  "{"event":"OUTPUT","data":"test","task":{"title":"Some type errors","hasFinalized":false}}
",
  "{"event":"OUTPUT","data":"I am self aware that I am retrying for the 3th time.","task":{"title":"Some type errors","hasFinalized":false}}
",
  "{"event":"STATE","data":"FAILED","task":{"title":"Some type errors","hasFinalized":true}}
",
]
`;

exports[`test renderer: retry should stop retrying if the task succeeds afterwards: oZPNYsORzcG758b1BLdR91GcErmLlQsw-exit 1`] = `[]`;

exports[`test renderer: retry should stop retrying if the task succeeds afterwards: oZPNYsORzcG758b1BLdR91GcErmLlQsw-stderr 1`] = `
[
  "{"event":"MESSAGE","data":{"retry":{"count":1,"withError":{}}},"task":{"title":"Some type errors","hasFinalized":false}}
",
  "{"event":"MESSAGE","data":{"error":"not enough"},"task":{"title":"Some type errors","hasFinalized":false}}
",
  "{"event":"MESSAGE","data":{"retry":{"count":2,"withError":{}}},"task":{"title":"Some type errors","hasFinalized":false}}
",
  "{"event":"MESSAGE","data":{"error":"not enough"},"task":{"title":"Some type errors","hasFinalized":false}}
",
  "{"event":"MESSAGE","data":{"retry":{"count":3,"withError":{}}},"task":{"title":"Some type errors","hasFinalized":false}}
",
  "{"event":"MESSAGE","data":{"error":"not enough"},"task":{"title":"Some type errors","hasFinalized":false}}
",
]
`;

exports[`test renderer: retry should stop retrying if the task succeeds afterwards: oZPNYsORzcG758b1BLdR91GcErmLlQsw-stdout 1`] = `
[
  "{"event":"STATE","data":"STARTED","task":{"title":"Some type errors","hasFinalized":false}}
",
  "{"event":"TITLE","data":"Some type errors","task":{"title":"Some type errors","hasFinalized":false}}
",
  "{"event":"STATE","data":"RETRY","task":{"title":"Some type errors","hasFinalized":false}}
",
  "{"event":"TITLE","data":"Some type errors","task":{"title":"Some type errors","hasFinalized":false}}
",
  "{"event":"STATE","data":"RETRY","task":{"title":"Some type errors","hasFinalized":false}}
",
  "{"event":"TITLE","data":"Some type errors","task":{"title":"Some type errors","hasFinalized":false}}
",
  "{"event":"STATE","data":"RETRY","task":{"title":"Some type errors","hasFinalized":false}}
",
  "{"event":"TITLE","data":"Successed at 3th try.","task":{"title":"Successed at 3th try.","hasFinalized":false}}
",
  "{"event":"STATE","data":"COMPLETED","task":{"title":"Successed at 3th try.","hasFinalized":true}}
",
]
`;

exports[`verbose renderer: retry should retry the main task if any of the subtasks fail: R34CKurUXSpq65S8ebD6jpUrwmIiYrKa-exit 1`] = `[]`;

exports[`verbose renderer: retry should retry the main task if any of the subtasks fail: R34CKurUXSpq65S8ebD6jpUrwmIiYrKa-stderr 1`] = `
[
  "[RETRY] Some type errors [1]
",
  "[FAILED] This type can not be assigned to type with, oh noes
",
  "[RETRY] Some type errors [2]
",
  "[FAILED] This type can not be assigned to type with, oh noes
",
  "[RETRY] Some type errors [3]
",
  "[FAILED] This type can not be assigned to type with, oh noes
",
  "[FAILED] This type can not be assigned to type with, oh noes
",
]
`;

exports[`verbose renderer: retry should retry the main task if any of the subtasks fail: R34CKurUXSpq65S8ebD6jpUrwmIiYrKa-stdout 1`] = `
[
  "[STARTED] Some type errors
",
  "[OUTPUT] test
",
  "[TITLE] Some type errors
",
  "[OUTPUT] test
",
  "[OUTPUT] I am self aware that I am retrying for the 1th time.
",
  "[TITLE] Some type errors
",
  "[OUTPUT] test
",
  "[OUTPUT] I am self aware that I am retrying for the 2th time.
",
  "[TITLE] Some type errors
",
  "[OUTPUT] test
",
  "[OUTPUT] I am self aware that I am retrying for the 3th time.
",
]
`;

exports[`verbose renderer: retry should stop retrying if the task succeeds afterwards: oZPNYsORzcG758b1BLdR91GcErmLlQsw-exit 1`] = `[]`;

exports[`verbose renderer: retry should stop retrying if the task succeeds afterwards: oZPNYsORzcG758b1BLdR91GcErmLlQsw-stderr 1`] = `
[
  "[RETRY] Some type errors [1]
",
  "[FAILED] not enough
",
  "[RETRY] Some type errors [2]
",
  "[FAILED] not enough
",
  "[RETRY] Some type errors [3]
",
  "[FAILED] not enough
",
]
`;

exports[`verbose renderer: retry should stop retrying if the task succeeds afterwards: oZPNYsORzcG758b1BLdR91GcErmLlQsw-stdout 1`] = `
[
  "[STARTED] Some type errors
",
  "[TITLE] Some type errors
",
  "[TITLE] Some type errors
",
  "[TITLE] Some type errors
",
  "[TITLE] Successed at 3th try.
",
  "[COMPLETED] Successed at 3th try.
",
]
`;
