// Jest Snapshot v1, https://goo.gl/fbAQLP

exports[`show rollback should both stop the execution with exitOnError false since exitAfterRollback is independent: 0IT1rYAGLTZ6UNfsxrJCFMik9UrnEd7A-err 1`] = `[]`;

exports[`show rollback should both stop the execution with exitOnError false since exitAfterRollback is independent: 0IT1rYAGLTZ6UNfsxrJCFMik9UrnEd7A-exit 1`] = `[]`;

exports[`show rollback should both stop the execution with exitOnError false since exitAfterRollback is independent: 0IT1rYAGLTZ6UNfsxrJCFMik9UrnEd7A-out 1`] = `
[
  [
    "‚óº Something with rollback.
",
  ],
  [
    "[2K[1A[2K[G‚óº Something with rollback.
‚óº This task will maybe execute.
",
  ],
  [
    "[2K[1A[2K[1A[2K[G‚ùØ Something with rollback.
‚óº This task will maybe execute.
",
  ],
  [
    "[2K[1A[2K[1A[2K[G‚ùØ Something with rollback.
  ‚óº This task will fail.
‚óº This task will maybe execute.
",
  ],
  [
    "[2K[1A[2K[1A[2K[1A[2K[G‚ùØ Something with rollback.
  ‚óº This task will fail.
  ‚óº This task will execute.
‚óº This task will maybe execute.
",
  ],
  [
    "[2K[1A[2K[1A[2K[1A[2K[1A[2K[G‚ùØ Something with rollback.
  ‚ùØ This task will fail.
  ‚óº This task will execute.
‚óº This task will maybe execute.
",
  ],
  [
    "[2K[1A[2K[1A[2K[1A[2K[1A[2K[G‚ùØ Something with rollback.
  ‚úñ This task will fail.
  ‚óº This task will execute.
‚óº This task will maybe execute.
",
  ],
  [
    "[2K[1A[2K[1A[2K[1A[2K[1A[2K[G‚ùØ Something with rollback.
  ‚úñ This task failed after 2 seconds.
  ‚óº This task will execute.
‚óº This task will maybe execute.
",
  ],
  [
    "[2K[1A[2K[1A[2K[1A[2K[1A[2K[G‚ö† Something with rollback.
  ‚úñ This task failed after 2 seconds.
  ‚óº This task will execute.
‚óº This task will maybe execute.
",
  ],
  [
    "[2K[1A[2K[1A[2K[1A[2K[1A[2K[G‚ö† I am trying to rollback stuff, previous action failed.
  ‚úñ This task failed after 2 seconds.
  ‚óº This task will execute.
‚óº This task will maybe execute.
",
  ],
  [
    "[2K[1A[2K[1A[2K[1A[2K[1A[2K[G‚ö† Some actions required rollback stuff.
  ‚úñ This task failed after 2 seconds.
  ‚óº This task will execute.
‚óº This task will maybe execute.
",
  ],
  [
    "[2K[1A[2K[1A[2K[1A[2K[1A[2K[G‚Üê Some actions required rollback stuff.
  ‚úñ This task failed after 2 seconds.
  ‚óº This task will execute.
‚óº This task will maybe execute.
",
  ],
]
`;

exports[`show rollback should both stop the execution with exitOnError true since exitAfterRollback is independent: 0IT1rYAGLTZ6UNfsxrJCFMik9UrnEd7A-err 1`] = `[]`;

exports[`show rollback should both stop the execution with exitOnError true since exitAfterRollback is independent: 0IT1rYAGLTZ6UNfsxrJCFMik9UrnEd7A-exit 1`] = `[]`;

exports[`show rollback should both stop the execution with exitOnError true since exitAfterRollback is independent: 0IT1rYAGLTZ6UNfsxrJCFMik9UrnEd7A-out 1`] = `
[
  [
    "‚óº Something with rollback.
",
  ],
  [
    "[2K[1A[2K[G‚óº Something with rollback.
‚óº This task will maybe execute.
",
  ],
  [
    "[2K[1A[2K[1A[2K[G‚ùØ Something with rollback.
‚óº This task will maybe execute.
",
  ],
  [
    "[2K[1A[2K[1A[2K[G‚ùØ Something with rollback.
  ‚óº This task will fail.
‚óº This task will maybe execute.
",
  ],
  [
    "[2K[1A[2K[1A[2K[1A[2K[G‚ùØ Something with rollback.
  ‚óº This task will fail.
  ‚óº This task will execute.
‚óº This task will maybe execute.
",
  ],
  [
    "[2K[1A[2K[1A[2K[1A[2K[1A[2K[G‚ùØ Something with rollback.
  ‚ùØ This task will fail.
  ‚óº This task will execute.
‚óº This task will maybe execute.
",
  ],
  [
    "[2K[1A[2K[1A[2K[1A[2K[1A[2K[G‚ùØ Something with rollback.
  ‚úñ This task will fail.
  ‚óº This task will execute.
‚óº This task will maybe execute.
",
  ],
  [
    "[2K[1A[2K[1A[2K[1A[2K[1A[2K[G‚ùØ Something with rollback.
  ‚úñ This task failed after 2 seconds.
  ‚óº This task will execute.
‚óº This task will maybe execute.
",
  ],
  [
    "[2K[1A[2K[1A[2K[1A[2K[1A[2K[G‚ö† Something with rollback.
  ‚úñ This task failed after 2 seconds.
  ‚óº This task will execute.
‚óº This task will maybe execute.
",
  ],
  [
    "[2K[1A[2K[1A[2K[1A[2K[1A[2K[G‚ö† I am trying to rollback stuff, previous action failed.
  ‚úñ This task failed after 2 seconds.
  ‚óº This task will execute.
‚óº This task will maybe execute.
",
  ],
  [
    "[2K[1A[2K[1A[2K[1A[2K[1A[2K[G‚ö† Some actions required rollback stuff.
  ‚úñ This task failed after 2 seconds.
  ‚óº This task will execute.
‚óº This task will maybe execute.
",
  ],
  [
    "[2K[1A[2K[1A[2K[1A[2K[1A[2K[G‚Üê Some actions required rollback stuff.
  ‚úñ This task failed after 2 seconds.
  ‚óº This task will execute.
‚óº This task will maybe execute.
",
  ],
  [
    "[2K[1A[2K[1A[2K[1A[2K[1A[2K[G",
  ],
  [
    "‚Üê Some actions required rollback stuff.
  ‚úñ This task failed after 2 seconds.
  ‚óº This task will execute.
‚óº This task will maybe execute.
",
  ],
]
`;

exports[`show rollback should contunie execution or stop there with exitAfterRollback: false: 1cj9pfWF3xjiEk2FW1Rt13qVcfSY9sR8-err 1`] = `[]`;

exports[`show rollback should contunie execution or stop there with exitAfterRollback: false: 1cj9pfWF3xjiEk2FW1Rt13qVcfSY9sR8-exit 1`] = `[]`;

exports[`show rollback should contunie execution or stop there with exitAfterRollback: false: 1cj9pfWF3xjiEk2FW1Rt13qVcfSY9sR8-out 1`] = `
[
  [
    "‚óº Something with rollback.
",
  ],
  [
    "[2K[1A[2K[G‚óº Something with rollback.
‚óº This task will maybe execute.
",
  ],
  [
    "[2K[1A[2K[1A[2K[G‚ùØ Something with rollback.
‚óº This task will maybe execute.
",
  ],
  [
    "[2K[1A[2K[1A[2K[G‚ùØ Something with rollback.
  ‚óº This task will fail.
‚óº This task will maybe execute.
",
  ],
  [
    "[2K[1A[2K[1A[2K[1A[2K[G‚ùØ Something with rollback.
  ‚óº This task will fail.
  ‚óº This task will execute.
‚óº This task will maybe execute.
",
  ],
  [
    "[2K[1A[2K[1A[2K[1A[2K[1A[2K[G‚ùØ Something with rollback.
  ‚ùØ This task will fail.
  ‚óº This task will execute.
‚óº This task will maybe execute.
",
  ],
  [
    "[2K[1A[2K[1A[2K[1A[2K[1A[2K[G‚ùØ Something with rollback.
  ‚úñ This task will fail.
  ‚óº This task will execute.
‚óº This task will maybe execute.
",
  ],
  [
    "[2K[1A[2K[1A[2K[1A[2K[1A[2K[G‚ùØ Something with rollback.
  ‚úñ This task failed after 2 seconds.
  ‚óº This task will execute.
‚óº This task will maybe execute.
",
  ],
  [
    "[2K[1A[2K[1A[2K[1A[2K[1A[2K[G‚ö† Something with rollback.
  ‚úñ This task failed after 2 seconds.
  ‚óº This task will execute.
‚óº This task will maybe execute.
",
  ],
  [
    "[2K[1A[2K[1A[2K[1A[2K[1A[2K[G‚ö† I am trying to rollback stuff, previous action failed.
  ‚úñ This task failed after 2 seconds.
  ‚óº This task will execute.
‚óº This task will maybe execute.
",
  ],
  [
    "[2K[1A[2K[1A[2K[1A[2K[1A[2K[G‚ö† Some actions required rollback stuff.
  ‚úñ This task failed after 2 seconds.
  ‚óº This task will execute.
‚óº This task will maybe execute.
",
  ],
  [
    "[2K[1A[2K[1A[2K[1A[2K[1A[2K[G‚Üê Some actions required rollback stuff.
  ‚úñ This task failed after 2 seconds.
  ‚óº This task will execute.
‚óº This task will maybe execute.
",
  ],
  [
    "[2K[1A[2K[1A[2K[1A[2K[1A[2K[G‚Üê Some actions required rollback stuff.
  ‚úñ This task failed after 2 seconds.
  ‚óº This task will execute.
‚ùØ This task will maybe execute.
",
  ],
  [
    "[2K[1A[2K[1A[2K[1A[2K[1A[2K[G‚Üê Some actions required rollback stuff.
  ‚úñ This task failed after 2 seconds.
  ‚óº This task will execute.
‚úî This task will maybe execute.
",
  ],
  [
    "[2K[1A[2K[1A[2K[1A[2K[1A[2K[G",
  ],
  [
    "‚Üê Some actions required rollback stuff.
  ‚úñ This task failed after 2 seconds.
  ‚óº This task will execute.
‚úî This task will maybe execute.
",
  ],
]
`;

exports[`show rollback should contunie execution or stop there with exitAfterRollback: true: 1cj9pfWF3xjiEk2FW1Rt13qVcfSY9sR8-err 1`] = `[]`;

exports[`show rollback should contunie execution or stop there with exitAfterRollback: true: 1cj9pfWF3xjiEk2FW1Rt13qVcfSY9sR8-exit 1`] = `[]`;

exports[`show rollback should contunie execution or stop there with exitAfterRollback: true: 1cj9pfWF3xjiEk2FW1Rt13qVcfSY9sR8-out 1`] = `
[
  [
    "[2K[1A[2K[1A[2K[1A[2K[1A[2K[G‚óº Something with rollback.
",
  ],
  [
    "[2K[1A[2K[G‚óº Something with rollback.
‚óº This task will maybe execute.
",
  ],
  [
    "[2K[1A[2K[1A[2K[G‚ùØ Something with rollback.
‚óº This task will maybe execute.
",
  ],
  [
    "[2K[1A[2K[1A[2K[G‚ùØ Something with rollback.
  ‚óº This task will fail.
‚óº This task will maybe execute.
",
  ],
  [
    "[2K[1A[2K[1A[2K[1A[2K[G‚ùØ Something with rollback.
  ‚óº This task will fail.
  ‚óº This task will execute.
‚óº This task will maybe execute.
",
  ],
  [
    "[2K[1A[2K[1A[2K[1A[2K[1A[2K[G‚ùØ Something with rollback.
  ‚ùØ This task will fail.
  ‚óº This task will execute.
‚óº This task will maybe execute.
",
  ],
  [
    "[2K[1A[2K[1A[2K[1A[2K[1A[2K[G‚ùØ Something with rollback.
  ‚úñ This task will fail.
  ‚óº This task will execute.
‚óº This task will maybe execute.
",
  ],
  [
    "[2K[1A[2K[1A[2K[1A[2K[1A[2K[G‚ùØ Something with rollback.
  ‚úñ This task failed after 2 seconds.
  ‚óº This task will execute.
‚óº This task will maybe execute.
",
  ],
  [
    "[2K[1A[2K[1A[2K[1A[2K[1A[2K[G‚ö† Something with rollback.
  ‚úñ This task failed after 2 seconds.
  ‚óº This task will execute.
‚óº This task will maybe execute.
",
  ],
  [
    "[2K[1A[2K[1A[2K[1A[2K[1A[2K[G‚ö† I am trying to rollback stuff, previous action failed.
  ‚úñ This task failed after 2 seconds.
  ‚óº This task will execute.
‚óº This task will maybe execute.
",
  ],
  [
    "[2K[1A[2K[1A[2K[1A[2K[1A[2K[G‚ö† Some actions required rollback stuff.
  ‚úñ This task failed after 2 seconds.
  ‚óº This task will execute.
‚óº This task will maybe execute.
",
  ],
  [
    "[2K[1A[2K[1A[2K[1A[2K[1A[2K[G‚Üê Some actions required rollback stuff.
  ‚úñ This task failed after 2 seconds.
  ‚óº This task will execute.
‚óº This task will maybe execute.
",
  ],
  [
    "[2K[1A[2K[1A[2K[1A[2K[1A[2K[G",
  ],
  [
    "‚Üê Some actions required rollback stuff.
  ‚úñ This task failed after 2 seconds.
  ‚óº This task will execute.
‚óº This task will maybe execute.
",
  ],
]
`;

exports[`show rollback should rollback the main task if any of the subtasks fail: 4SIhMkI14b8s2hW1esiORoa1UINGHwAr-err 1`] = `[]`;

exports[`show rollback should rollback the main task if any of the subtasks fail: 4SIhMkI14b8s2hW1esiORoa1UINGHwAr-exit 1`] = `[]`;

exports[`show rollback should rollback the main task if any of the subtasks fail: 4SIhMkI14b8s2hW1esiORoa1UINGHwAr-out 1`] = `
[
  [
    "‚óº Something with rollback.
",
  ],
  [
    "[2K[1A[2K[G‚óº Something with rollback.
‚óº This task will never execute.
",
  ],
  [
    "[2K[1A[2K[1A[2K[G‚ùØ Something with rollback.
‚óº This task will never execute.
",
  ],
  [
    "[2K[1A[2K[1A[2K[G‚ùØ Something with rollback.
  ‚óº This task will fail.
‚óº This task will never execute.
",
  ],
  [
    "[2K[1A[2K[1A[2K[1A[2K[G‚ùØ Something with rollback.
  ‚óº This task will fail.
  ‚óº This task will execute.
‚óº This task will never execute.
",
  ],
  [
    "[2K[1A[2K[1A[2K[1A[2K[1A[2K[G‚ùØ Something with rollback.
  ‚ùØ This task will fail.
  ‚óº This task will execute.
‚óº This task will never execute.
",
  ],
  [
    "[2K[1A[2K[1A[2K[1A[2K[1A[2K[G‚ùØ Something with rollback.
  ‚úñ This task will fail.
  ‚óº This task will execute.
‚óº This task will never execute.
",
  ],
  [
    "[2K[1A[2K[1A[2K[1A[2K[1A[2K[G‚ùØ Something with rollback.
  ‚úñ This task failed after 2 seconds.
  ‚óº This task will execute.
‚óº This task will never execute.
",
  ],
  [
    "[2K[1A[2K[1A[2K[1A[2K[1A[2K[G‚ö† Something with rollback.
  ‚úñ This task failed after 2 seconds.
  ‚óº This task will execute.
‚óº This task will never execute.
",
  ],
  [
    "[2K[1A[2K[1A[2K[1A[2K[1A[2K[G‚ö† I am trying to rollback stuff, previous action failed.
  ‚úñ This task failed after 2 seconds.
  ‚óº This task will execute.
‚óº This task will never execute.
",
  ],
  [
    "[2K[1A[2K[1A[2K[1A[2K[1A[2K[G‚ö† Some actions required rollback stuff.
  ‚úñ This task failed after 2 seconds.
  ‚óº This task will execute.
‚óº This task will never execute.
",
  ],
  [
    "[2K[1A[2K[1A[2K[1A[2K[1A[2K[G‚Üê Some actions required rollback stuff.
  ‚úñ This task failed after 2 seconds.
  ‚óº This task will execute.
‚óº This task will never execute.
",
  ],
  [
    "[2K[1A[2K[1A[2K[1A[2K[1A[2K[G",
  ],
  [
    "‚Üê Some actions required rollback stuff.
  ‚úñ This task failed after 2 seconds.
  ‚óº This task will execute.
‚óº This task will never execute.
",
  ],
]
`;

exports[`show rollback should rollback the subtask if the subtask itself fails: vnT6mmZ5GtNqgXaPHqXxTIpDm5sltAZx-err 1`] = `[]`;

exports[`show rollback should rollback the subtask if the subtask itself fails: vnT6mmZ5GtNqgXaPHqXxTIpDm5sltAZx-exit 1`] = `[]`;

exports[`show rollback should rollback the subtask if the subtask itself fails: vnT6mmZ5GtNqgXaPHqXxTIpDm5sltAZx-out 1`] = `
[
  [
    "‚óº Something with rollback.
",
  ],
  [
    "[2K[1A[2K[G‚óº Something with rollback.
‚óº This task will never execute.
",
  ],
  [
    "[2K[1A[2K[1A[2K[G‚ùØ Something with rollback.
‚óº This task will never execute.
",
  ],
  [
    "[2K[1A[2K[1A[2K[G‚ùØ Something with rollback.
  ‚óº This task will fail.
‚óº This task will never execute.
",
  ],
  [
    "[2K[1A[2K[1A[2K[1A[2K[G‚ùØ Something with rollback.
  ‚óº This task will fail.
  ‚óº This task will execute.
‚óº This task will never execute.
",
  ],
  [
    "[2K[1A[2K[1A[2K[1A[2K[1A[2K[G‚ùØ Something with rollback.
  ‚ùØ This task will fail.
  ‚óº This task will execute.
‚óº This task will never execute.
",
  ],
  [
    "[2K[1A[2K[1A[2K[1A[2K[1A[2K[G‚ùØ Something with rollback.
  ‚ö† This task will fail.
  ‚óº This task will execute.
‚óº This task will never execute.
",
  ],
  [
    "[2K[1A[2K[1A[2K[1A[2K[1A[2K[G‚ùØ Something with rollback.
  ‚ö† I am trying to rollback stuff, previous action failed.
  ‚óº This task will execute.
‚óº This task will never execute.
",
  ],
  [
    "[2K[1A[2K[1A[2K[1A[2K[1A[2K[G‚ùØ Something with rollback.
  ‚ö† Some actions required rollback stuff.
  ‚óº This task will execute.
‚óº This task will never execute.
",
  ],
  [
    "[2K[1A[2K[1A[2K[1A[2K[1A[2K[G‚ùØ Something with rollback.
  ‚Üê Some actions required rollback stuff.
  ‚óº This task will execute.
‚óº This task will never execute.
",
  ],
  [
    "[2K[1A[2K[1A[2K[1A[2K[1A[2K[G",
  ],
  [
    "‚ùØ Something with rollback.
  ‚Üê Some actions required rollback stuff.
  ‚óº This task will execute.
‚óº This task will never execute.
",
  ],
]
`;