// Jest Snapshot v1, https://goo.gl/fbAQLP

exports[`fallback renderer should skip empty lines false 1`] = `
[
  [
    "‚óº This will skip empty lines on output: false
",
  ],
  [
    "[2K[1A[2K[G‚ùØ This will skip empty lines on output: false
",
  ],
  [
    "[2K[1A[2K[G‚ùØ This will skip empty lines on output: false
  ‚Ä∫ THIS IS A LONG LONG MESSAGE


    AGE
    THIS ISESSAGE
    THIS IG LONG MESSAGE
    THIS IS A LONG LONG MESSAGE
    THIS IS A LONG LONG MESSAGE
    THIS IS A LONG LONG MESSAGE
    THIS IS A LONG LONG MESSAGE
    THIS IS A LONG LONG MESSAGE
    THIS IS A LONG LONG MESSAGE
",
  ],
  [
    "[2K[1A[2K[1A[2K[1A[2K[1A[2K[1A[2K[1A[2K[1A[2K[1A[2K[1A[2K[1A[2K[1A[2K[1A[2K[1A[2K[G‚úî This will skip empty lines on output: false
",
  ],
  [
    "[2K[1A[2K[G",
  ],
  [
    "‚úî This will skip empty lines on output: false
",
  ],
]
`;

exports[`fallback renderer should skip empty lines false 2`] = `[]`;

exports[`fallback renderer should skip empty lines false 3`] = `[]`;

exports[`fallback renderer should skip empty lines true 1`] = `
[
  [
    "‚óº This will skip empty lines on output: true
",
  ],
  [
    "[2K[1A[2K[G‚ùØ This will skip empty lines on output: true
",
  ],
  [
    "[2K[1A[2K[G‚ùØ This will skip empty lines on output: true
  ‚Ä∫ THIS IS A LONG LONG MESSAGE
    AGE
    THIS ISESSAGE
    THIS IG LONG MESSAGE
    THIS IS A LONG LONG MESSAGE
    THIS IS A LONG LONG MESSAGE
    THIS IS A LONG LONG MESSAGE
    THIS IS A LONG LONG MESSAGE
    THIS IS A LONG LONG MESSAGE
    THIS IS A LONG LONG MESSAGE
",
  ],
  [
    "[2K[1A[2K[1A[2K[1A[2K[1A[2K[1A[2K[1A[2K[1A[2K[1A[2K[1A[2K[1A[2K[1A[2K[G‚úî This will skip empty lines on output: true
",
  ],
  [
    "[2K[1A[2K[G",
  ],
  [
    "‚úî This will skip empty lines on output: true
",
  ],
]
`;

exports[`fallback renderer should skip empty lines true 2`] = `[]`;

exports[`fallback renderer should skip empty lines true 3`] = `[]`;

exports[`fallback renderer should truncate long strings 1`] = `
[
  [
    "‚óº This task will with formating the output with truncate output.
",
  ],
  [
    "[2K[1A[2K[G‚ùØ This task will with formating the output with truncate output.
",
  ],
  [
    "[2K[1A[2K[G‚ùØ This task will with formating the output with truncate output.
  ‚Ä∫ THIS IS A LONG LONG MESSAGE THIS IS A LONG LONG MESSAGE THIS IS A LONG LO‚Ä¶
",
  ],
  [
    "[2K[1A[2K[1A[2K[G‚úî This task will with formating the output with truncate output.
",
  ],
  [
    "[2K[1A[2K[G",
  ],
  [
    "‚úî This task will with formating the output with truncate output.
",
  ],
]
`;

exports[`fallback renderer should truncate long strings 2`] = `[]`;

exports[`fallback renderer should truncate long strings 3`] = `[]`;

exports[`fallback renderer should truncate long strings 4`] = `
[
  [
    "‚óº This task will with formating the output with truncate output.
",
  ],
  [
    "[2K[1A[2K[G‚ùØ This task will with formating the output with truncate output.
",
  ],
  [
    "[2K[1A[2K[G‚ùØ This task will with formating the output with truncate output.
  ‚Ä∫ THIS IS A LONG LONG MESSAGE
    THIS IS A LONG LONG MESSAGE
    THIS IS A LONG LONG MESSAGE
    THIS IS A LONG LONG MESSAGE
    THIS IS A LONG LONG MESSAGE
    THIS IS A LONG LONG MESSAGE
    THIS IS A LONG LONG MESSAGE
    THIS IS A LONG LONG MESSAGE
    THIS IS A LONG LONG MESSAGE
    THIS IS A LONG LONG MESSAGE
    THIS IS A LONG LONG MESSAGE
    THIS IS A LONG LONG MESSAGE
",
  ],
  [
    "[2K[1A[2K[1A[2K[1A[2K[1A[2K[1A[2K[1A[2K[1A[2K[1A[2K[1A[2K[1A[2K[1A[2K[1A[2K[1A[2K[G‚úî This task will with formating the output with truncate output.
",
  ],
  [
    "[2K[1A[2K[G",
  ],
  [
    "‚úî This task will with formating the output with truncate output.
",
  ],
]
`;

exports[`fallback renderer should truncate long strings 5`] = `[]`;

exports[`fallback renderer should truncate long strings 6`] = `[]`;

exports[`fallback renderer should truncate long titles 1`] = `
[
  [
    "‚óº THIS IS A LONG LONG MESSAGE THIS IS A LONG LONG MESSAGE THIS IS A LONG LONG‚Ä¶
",
  ],
  [
    "[2K[1A[2K[G‚ùØ THIS IS A LONG LONG MESSAGE THIS IS A LONG LONG MESSAGE THIS IS A LONG LONG‚Ä¶
",
  ],
  [
    "[2K[1A[2K[G‚ùØ THIS IS A LONG LONG MESSAGE THIS IS A LONG LONG MESSAGE THIS IS A LONG LONG‚Ä¶
  ‚Ä∫ This task will with formating the title with truncate output.
",
  ],
  [
    "[2K[1A[2K[1A[2K[G‚úî THIS IS A LONG LONG MESSAGE THIS IS A LONG LONG MESSAGE THIS IS A LONG LONG‚Ä¶
",
  ],
  [
    "[2K[1A[2K[G",
  ],
  [
    "‚úî THIS IS A LONG LONG MESSAGE THIS IS A LONG LONG MESSAGE THIS IS A LONG LONG‚Ä¶
",
  ],
]
`;

exports[`fallback renderer should truncate long titles 2`] = `[]`;

exports[`fallback renderer should truncate long titles 3`] = `[]`;

exports[`fallback renderer should truncate long titles 4`] = `
[
  [
    "‚óº THIS IS A LONG LONG MESSAGE
  THIS IS A LONG LONG MESSAGE
  THIS IS A LONG LONG MESSAGE
  THIS IS A LONG LONG MESSAGE
  THIS IS A LONG LONG MESSAGE
  THIS IS A LONG LONG MESSAGE
  THIS IS A LONG LONG MESSAGE
  THIS IS A LONG LONG MESSAGE
  THIS IS A LONG LONG MESSAGE
  THIS IS A LONG LONG MESSAGE
  THIS IS A LONG LONG MESSAGE
  THIS IS A LONG LONG MESSAGE
",
  ],
  [
    "[2K[1A[2K[1A[2K[1A[2K[1A[2K[1A[2K[1A[2K[1A[2K[1A[2K[1A[2K[1A[2K[1A[2K[1A[2K[G‚ùØ THIS IS A LONG LONG MESSAGE
  THIS IS A LONG LONG MESSAGE
  THIS IS A LONG LONG MESSAGE
  THIS IS A LONG LONG MESSAGE
  THIS IS A LONG LONG MESSAGE
  THIS IS A LONG LONG MESSAGE
  THIS IS A LONG LONG MESSAGE
  THIS IS A LONG LONG MESSAGE
  THIS IS A LONG LONG MESSAGE
  THIS IS A LONG LONG MESSAGE
  THIS IS A LONG LONG MESSAGE
  THIS IS A LONG LONG MESSAGE
",
  ],
  [
    "[2K[1A[2K[1A[2K[1A[2K[1A[2K[1A[2K[1A[2K[1A[2K[1A[2K[1A[2K[1A[2K[1A[2K[1A[2K[G‚ùØ THIS IS A LONG LONG MESSAGE
  THIS IS A LONG LONG MESSAGE
  THIS IS A LONG LONG MESSAGE
  THIS IS A LONG LONG MESSAGE
  THIS IS A LONG LONG MESSAGE
  THIS IS A LONG LONG MESSAGE
  THIS IS A LONG LONG MESSAGE
  THIS IS A LONG LONG MESSAGE
  THIS IS A LONG LONG MESSAGE
  THIS IS A LONG LONG MESSAGE
  THIS IS A LONG LONG MESSAGE
  THIS IS A LONG LONG MESSAGE
  ‚Ä∫ This task will with formating the title with truncate output.
",
  ],
  [
    "[2K[1A[2K[1A[2K[1A[2K[1A[2K[1A[2K[1A[2K[1A[2K[1A[2K[1A[2K[1A[2K[1A[2K[1A[2K[1A[2K[G‚úî THIS IS A LONG LONG MESSAGE
  THIS IS A LONG LONG MESSAGE
  THIS IS A LONG LONG MESSAGE
  THIS IS A LONG LONG MESSAGE
  THIS IS A LONG LONG MESSAGE
  THIS IS A LONG LONG MESSAGE
  THIS IS A LONG LONG MESSAGE
  THIS IS A LONG LONG MESSAGE
  THIS IS A LONG LONG MESSAGE
  THIS IS A LONG LONG MESSAGE
  THIS IS A LONG LONG MESSAGE
  THIS IS A LONG LONG MESSAGE
",
  ],
  [
    "[2K[1A[2K[1A[2K[1A[2K[1A[2K[1A[2K[1A[2K[1A[2K[1A[2K[1A[2K[1A[2K[1A[2K[1A[2K[G",
  ],
  [
    "‚úî THIS IS A LONG LONG MESSAGE
  THIS IS A LONG LONG MESSAGE
  THIS IS A LONG LONG MESSAGE
  THIS IS A LONG LONG MESSAGE
  THIS IS A LONG LONG MESSAGE
  THIS IS A LONG LONG MESSAGE
  THIS IS A LONG LONG MESSAGE
  THIS IS A LONG LONG MESSAGE
  THIS IS A LONG LONG MESSAGE
  THIS IS A LONG LONG MESSAGE
  THIS IS A LONG LONG MESSAGE
  THIS IS A LONG LONG MESSAGE
",
  ],
]
`;

exports[`fallback renderer should truncate long titles 5`] = `[]`;

exports[`fallback renderer should truncate long titles 6`] = `[]`;

exports[`fallback renderer should wrap long strings 1`] = `
[
  [
    "‚óº This task will with formating the output with wrap output.
",
  ],
  [
    "[2K[1A[2K[G‚ùØ This task will with formating the output with wrap output.
",
  ],
  [
    "[2K[1A[2K[G‚ùØ This task will with formating the output with wrap output.
  ‚Ä∫ THIS IS A LONG LONG MESSAGE THIS IS A LONG LONG MESSAGE THIS IS A LONG
    LONG MESSAGE THIS IS A LONG LONG MESSAGE THIS IS A LONG LONG MESSAGE THIS IS
    A LONG LONG MESSAGE THIS IS A LONG LONG MESSAGE THIS IS A LONG LONG MESSAGE
    THIS IS A LONG LONG MESSAGE THIS IS A LONG LONG MESSAGE THIS IS A LONG LONG
    MESSAGE THIS IS A LONG LONG MESSAGE
",
  ],
  [
    "[2K[1A[2K[1A[2K[1A[2K[1A[2K[1A[2K[1A[2K[G‚úî This task will with formating the output with wrap output.
",
  ],
  [
    "[2K[1A[2K[G",
  ],
  [
    "‚úî This task will with formating the output with wrap output.
",
  ],
]
`;

exports[`fallback renderer should wrap long strings 2`] = `[]`;

exports[`fallback renderer should wrap long strings 3`] = `[]`;

exports[`fallback renderer should wrap long strings 4`] = `
[
  [
    "‚óº This task will with formating the output with wrap output.
",
  ],
  [
    "[2K[1A[2K[G‚ùØ This task will with formating the output with wrap output.
",
  ],
  [
    "[2K[1A[2K[G‚ùØ This task will with formating the output with wrap output.
  ‚Ä∫ THIS IS A LONG LONG MESSAGE
    THIS IS A LONG LONG MESSAGE
    THIS IS A LONG LONG MESSAGE
    THIS IS A LONG LONG MESSAGE
    THIS IS A LONG LONG MESSAGE
    THIS IS A LONG LONG MESSAGE
    THIS IS A LONG LONG MESSAGE
    THIS IS A LONG LONG MESSAGE
    THIS IS A LONG LONG MESSAGE
    THIS IS A LONG LONG MESSAGE
    THIS IS A LONG LONG MESSAGE
    THIS IS A LONG LONG MESSAGE
",
  ],
  [
    "[2K[1A[2K[1A[2K[1A[2K[1A[2K[1A[2K[1A[2K[1A[2K[1A[2K[1A[2K[1A[2K[1A[2K[1A[2K[1A[2K[G‚úî This task will with formating the output with wrap output.
",
  ],
  [
    "[2K[1A[2K[G",
  ],
  [
    "‚úî This task will with formating the output with wrap output.
",
  ],
]
`;

exports[`fallback renderer should wrap long strings 5`] = `[]`;

exports[`fallback renderer should wrap long strings 6`] = `[]`;

exports[`fallback renderer should wrap long titles 1`] = `
[
  [
    "‚óº THIS IS A LONG LONG MESSAGE THIS IS A LONG LONG MESSAGE THIS IS A LONG LONG
  MESSAGE THIS IS A LONG LONG MESSAGE THIS IS A LONG LONG MESSAGE THIS IS A LONG
  LONG MESSAGE THIS IS A LONG LONG MESSAGE THIS IS A LONG LONG MESSAGE THIS IS A
  LONG LONG MESSAGE THIS IS A LONG LONG MESSAGE THIS IS A LONG LONG MESSAGE THIS
  IS A LONG LONG MESSAGE
",
  ],
  [
    "[2K[1A[2K[1A[2K[1A[2K[1A[2K[1A[2K[G‚ùØ THIS IS A LONG LONG MESSAGE THIS IS A LONG LONG MESSAGE THIS IS A LONG LONG
  MESSAGE THIS IS A LONG LONG MESSAGE THIS IS A LONG LONG MESSAGE THIS IS A LONG
  LONG MESSAGE THIS IS A LONG LONG MESSAGE THIS IS A LONG LONG MESSAGE THIS IS A
  LONG LONG MESSAGE THIS IS A LONG LONG MESSAGE THIS IS A LONG LONG MESSAGE THIS
  IS A LONG LONG MESSAGE
",
  ],
  [
    "[2K[1A[2K[1A[2K[1A[2K[1A[2K[1A[2K[G‚ùØ THIS IS A LONG LONG MESSAGE THIS IS A LONG LONG MESSAGE THIS IS A LONG LONG
  MESSAGE THIS IS A LONG LONG MESSAGE THIS IS A LONG LONG MESSAGE THIS IS A LONG
  LONG MESSAGE THIS IS A LONG LONG MESSAGE THIS IS A LONG LONG MESSAGE THIS IS A
  LONG LONG MESSAGE THIS IS A LONG LONG MESSAGE THIS IS A LONG LONG MESSAGE THIS
  IS A LONG LONG MESSAGE
  ‚Ä∫ This task will with formating the title with wrap output.
",
  ],
  [
    "[2K[1A[2K[1A[2K[1A[2K[1A[2K[1A[2K[1A[2K[G‚úî THIS IS A LONG LONG MESSAGE THIS IS A LONG LONG MESSAGE THIS IS A LONG LONG
  MESSAGE THIS IS A LONG LONG MESSAGE THIS IS A LONG LONG MESSAGE THIS IS A LONG
  LONG MESSAGE THIS IS A LONG LONG MESSAGE THIS IS A LONG LONG MESSAGE THIS IS A
  LONG LONG MESSAGE THIS IS A LONG LONG MESSAGE THIS IS A LONG LONG MESSAGE THIS
  IS A LONG LONG MESSAGE
",
  ],
  [
    "[2K[1A[2K[1A[2K[1A[2K[1A[2K[1A[2K[G",
  ],
  [
    "‚úî THIS IS A LONG LONG MESSAGE THIS IS A LONG LONG MESSAGE THIS IS A LONG LONG
  MESSAGE THIS IS A LONG LONG MESSAGE THIS IS A LONG LONG MESSAGE THIS IS A LONG
  LONG MESSAGE THIS IS A LONG LONG MESSAGE THIS IS A LONG LONG MESSAGE THIS IS A
  LONG LONG MESSAGE THIS IS A LONG LONG MESSAGE THIS IS A LONG LONG MESSAGE THIS
  IS A LONG LONG MESSAGE
",
  ],
]
`;

exports[`fallback renderer should wrap long titles 2`] = `[]`;

exports[`fallback renderer should wrap long titles 3`] = `[]`;

exports[`fallback renderer should wrap long titles 4`] = `
[
  [
    "‚óº THIS IS A LONG LONG MESSAGE
  THIS IS A LONG LONG MESSAGE
  THIS IS A LONG LONG MESSAGE
  THIS IS A LONG LONG MESSAGE
  THIS IS A LONG LONG MESSAGE
  THIS IS A LONG LONG MESSAGE
  THIS IS A LONG LONG MESSAGE
  THIS IS A LONG LONG MESSAGE
  THIS IS A LONG LONG MESSAGE
  THIS IS A LONG LONG MESSAGE
  THIS IS A LONG LONG MESSAGE
  THIS IS A LONG LONG MESSAGE
",
  ],
  [
    "[2K[1A[2K[1A[2K[1A[2K[1A[2K[1A[2K[1A[2K[1A[2K[1A[2K[1A[2K[1A[2K[1A[2K[1A[2K[G‚ùØ THIS IS A LONG LONG MESSAGE
  THIS IS A LONG LONG MESSAGE
  THIS IS A LONG LONG MESSAGE
  THIS IS A LONG LONG MESSAGE
  THIS IS A LONG LONG MESSAGE
  THIS IS A LONG LONG MESSAGE
  THIS IS A LONG LONG MESSAGE
  THIS IS A LONG LONG MESSAGE
  THIS IS A LONG LONG MESSAGE
  THIS IS A LONG LONG MESSAGE
  THIS IS A LONG LONG MESSAGE
  THIS IS A LONG LONG MESSAGE
",
  ],
  [
    "[2K[1A[2K[1A[2K[1A[2K[1A[2K[1A[2K[1A[2K[1A[2K[1A[2K[1A[2K[1A[2K[1A[2K[1A[2K[G‚ùØ THIS IS A LONG LONG MESSAGE
  THIS IS A LONG LONG MESSAGE
  THIS IS A LONG LONG MESSAGE
  THIS IS A LONG LONG MESSAGE
  THIS IS A LONG LONG MESSAGE
  THIS IS A LONG LONG MESSAGE
  THIS IS A LONG LONG MESSAGE
  THIS IS A LONG LONG MESSAGE
  THIS IS A LONG LONG MESSAGE
  THIS IS A LONG LONG MESSAGE
  THIS IS A LONG LONG MESSAGE
  THIS IS A LONG LONG MESSAGE
  ‚Ä∫ This task will with formating the title with wrap output.
",
  ],
  [
    "[2K[1A[2K[1A[2K[1A[2K[1A[2K[1A[2K[1A[2K[1A[2K[1A[2K[1A[2K[1A[2K[1A[2K[1A[2K[1A[2K[G‚úî THIS IS A LONG LONG MESSAGE
  THIS IS A LONG LONG MESSAGE
  THIS IS A LONG LONG MESSAGE
  THIS IS A LONG LONG MESSAGE
  THIS IS A LONG LONG MESSAGE
  THIS IS A LONG LONG MESSAGE
  THIS IS A LONG LONG MESSAGE
  THIS IS A LONG LONG MESSAGE
  THIS IS A LONG LONG MESSAGE
  THIS IS A LONG LONG MESSAGE
  THIS IS A LONG LONG MESSAGE
  THIS IS A LONG LONG MESSAGE
",
  ],
  [
    "[2K[1A[2K[1A[2K[1A[2K[1A[2K[1A[2K[1A[2K[1A[2K[1A[2K[1A[2K[1A[2K[1A[2K[1A[2K[G",
  ],
  [
    "‚úî THIS IS A LONG LONG MESSAGE
  THIS IS A LONG LONG MESSAGE
  THIS IS A LONG LONG MESSAGE
  THIS IS A LONG LONG MESSAGE
  THIS IS A LONG LONG MESSAGE
  THIS IS A LONG LONG MESSAGE
  THIS IS A LONG LONG MESSAGE
  THIS IS A LONG LONG MESSAGE
  THIS IS A LONG LONG MESSAGE
  THIS IS A LONG LONG MESSAGE
  THIS IS A LONG LONG MESSAGE
  THIS IS A LONG LONG MESSAGE
",
  ],
]
`;

exports[`fallback renderer should wrap long titles 5`] = `[]`;

exports[`fallback renderer should wrap long titles 6`] = `[]`;