// Jest Snapshot v1, https://goo.gl/fbAQLP

exports[`show subtasks should be able to change the title of parent from subtask: nvFwliir81dQSzoa7xPXaq0E1lauH674-err 1`] = `[]`;

exports[`show subtasks should be able to change the title of parent from subtask: nvFwliir81dQSzoa7xPXaq0E1lauH674-exit 1`] = `[]`;

exports[`show subtasks should be able to change the title of parent from subtask: nvFwliir81dQSzoa7xPXaq0E1lauH674-out 1`] = `
[
  [
    "◼ This task will execute.
",
  ],
  [
    "[2K[1A[2K[G❯ This task will execute.
",
  ],
  [
    "[2K[1A[2K[G❯ This task will execute.
  ◼ This is a subtask.
",
  ],
  [
    "[2K[1A[2K[1A[2K[G❯ This task will execute.
  ◼ This is a subtask.
  ◼ This is a subtask.
",
  ],
  [
    "[2K[1A[2K[1A[2K[1A[2K[G❯ This task will execute.
  ❯ This is a subtask.
  ◼ This is a subtask.
",
  ],
  [
    "[2K[1A[2K[1A[2K[1A[2K[G❯ Title changed from subtask.
  ❯ This is a subtask.
  ◼ This is a subtask.
",
  ],
  [
    "[2K[1A[2K[1A[2K[1A[2K[G❯ Title changed from subtask.
  ✔ This is a subtask.
  ◼ This is a subtask.
",
  ],
  [
    "[2K[1A[2K[1A[2K[1A[2K[G❯ Title changed from subtask.
  ✔ This is a subtask.
  ❯ This is a subtask.
",
  ],
  [
    "[2K[1A[2K[1A[2K[1A[2K[G❯ Title changed from subtask.
  ✔ This is a subtask.
  ✔ This is a subtask.
",
  ],
  [
    "[2K[1A[2K[1A[2K[1A[2K[G✔ Title changed from subtask.
",
  ],
  [
    "[2K[1A[2K[G",
  ],
  [
    "✔ Title changed from subtask.
",
  ],
]
`;