// Jest Snapshot v1, https://goo.gl/fbAQLP

exports[`show retry should retry the main task if any of the subtasks fail: R34CKurUXSpq65S8ebD6jpUrwmIiYrKa-err 1`] = `[]`;

exports[`show retry should retry the main task if any of the subtasks fail: R34CKurUXSpq65S8ebD6jpUrwmIiYrKa-exit 1`] = `[]`;

exports[`show retry should retry the main task if any of the subtasks fail: R34CKurUXSpq65S8ebD6jpUrwmIiYrKa-out 1`] = `
[
  [
    "‚óº Some type errors
",
  ],
  [
    "[2K[1A[2K[G‚ùØ Some type errors
",
  ],
  [
    "[2K[1A[2K[G‚ùØ Some type errors
  ‚Ä∫ test
",
  ],
  [
    "[2K[1A[2K[1A[2K[G‚ùØ Some type errors
",
  ],
  [
    "[2K[1A[2K[G‚ö† Some type errors [RETRYING-1]
",
  ],
  [
    "[2K[1A[2K[G‚ö† Some type errors [RETRYING-1]
  ‚Ä∫ test
",
  ],
  [
    "[2K[1A[2K[1A[2K[G‚ö† Some type errors [RETRYING-1]
  ‚Ä∫ I am self aware that I am retrying for the 1th time.
",
  ],
  [
    "[2K[1A[2K[1A[2K[G‚ö† Some type errors [RETRYING-2]
  ‚Ä∫ I am self aware that I am retrying for the 1th time.
",
  ],
  [
    "[2K[1A[2K[1A[2K[G‚ö† Some type errors [RETRYING-2]
",
  ],
  [
    "[2K[1A[2K[G‚ö† Some type errors [RETRYING-2]
  ‚Ä∫ test
",
  ],
  [
    "[2K[1A[2K[1A[2K[G‚ö† Some type errors [RETRYING-2]
  ‚Ä∫ I am self aware that I am retrying for the 2th time.
",
  ],
  [
    "[2K[1A[2K[1A[2K[G‚ö† Some type errors [RETRYING-3]
  ‚Ä∫ I am self aware that I am retrying for the 2th time.
",
  ],
  [
    "[2K[1A[2K[1A[2K[G‚ö† Some type errors [RETRYING-3]
",
  ],
  [
    "[2K[1A[2K[G‚ö† Some type errors [RETRYING-3]
  ‚Ä∫ test
",
  ],
  [
    "[2K[1A[2K[1A[2K[G‚ö† Some type errors [RETRYING-3]
  ‚Ä∫ I am self aware that I am retrying for the 3th time.
",
  ],
  [
    "[2K[1A[2K[1A[2K[G‚úñ This type can not be assigned to type with, oh noes
",
  ],
  [
    "[2K[1A[2K[G",
  ],
  [
    "‚úñ This type can not be assigned to type with, oh noes
",
  ],
]
`;

exports[`show retry should stop retrying if the task succeeds afterwards 1`] = `
[
  [
    "‚óº Some type errors
",
  ],
  [
    "[2K[1A[2K[G‚ùØ Some type errors
",
  ],
  [
    "[2K[1A[2K[G‚ö† Some type errors [RETRYING-1]
",
  ],
  [
    "[2K[1A[2K[G‚ö† Some type errors [RETRYING-2]
",
  ],
  [
    "[2K[1A[2K[G‚ö† Some type errors [RETRYING-3]
",
  ],
  [
    "[2K[1A[2K[G‚ö† Successed at 3th try. [RETRYING-3]
",
  ],
  [
    "[2K[1A[2K[G‚úî Successed at 3th try.
",
  ],
  [
    "[2K[1A[2K[G",
  ],
  [
    "‚úî Successed at 3th try.
",
  ],
]
`;

exports[`show retry should stop retrying if the task succeeds afterwards 2`] = `[]`;

exports[`show retry should stop retrying if the task succeeds afterwards 3`] = `[]`;